Traceback (most recent call last):
  File "C:\Users\yassi\AppData\Local\Python\pythoncore-3.14-64\Lib\site-packages\django\db\backends\base\base.py", line 275, in ensure_connection
    self.connect()
    ~~~~~~~~~~~~^^
  File "C:\Users\yassi\AppData\Local\Python\pythoncore-3.14-64\Lib\site-packages\django\utils\asyncio.py", line 26, in inner
    return func(*args, **kwargs)
  File "C:\Users\yassi\AppData\Local\Python\pythoncore-3.14-64\Lib\site-packages\django\db\backends\base\base.py", line 256, in connect
    self.connection = self.get_new_connection(conn_params)
                      ~~~~~~~~~~~~~~~~~~~~~~~^^^^^^^^^^^^^
  File "C:\Users\yassi\AppData\Local\Python\pythoncore-3.14-64\Lib\site-packages\django\utils\asyncio.py", line 26, in inner
    return func(*args, **kwargs)
  File "C:\Users\yassi\AppData\Local\Python\pythoncore-3.14-64\Lib\site-packages\django\db\backends\postgresql\base.py", line 277, in get_new_connection
    connection = self.Database.connect(**conn_params)
  File "C:\Users\yassi\AppData\Local\Python\pythoncore-3.14-64\Lib\site-packages\psycopg2\__init__.py", line 135, in connect
    conn = _connect(dsn, connection_factory=connection_factory, **kwasync)
psycopg2.OperationalError: connection to server at "autorack.proxy.rlwy.net" (66.33.22.239), port 43380 failed: Connection timed out (0x0000274C/10060)
	Is the server running on that host and accepting TCP/IP connections?


The above exception was the direct cause of the following exception:

Traceback (most recent call last):
  File "C:\Users\yassi\Desktop\Bricoleup\backend\manage.py", line 22, in <module>
    main()
    ~~~~^^
  File "C:\Users\yassi\Desktop\Bricoleup\backend\manage.py", line 18, in main
    execute_from_command_line(sys.argv)
    ~~~~~~~~~~~~~~~~~~~~~~~~~^^^^^^^^^^
  File "C:\Users\yassi\AppData\Local\Python\pythoncore-3.14-64\Lib\site-packages\django\core\management\__init__.py", line 442, in execute_from_command_line
    utility.execute()
    ~~~~~~~~~~~~~~~^^
  File "C:\Users\yassi\AppData\Local\Python\pythoncore-3.14-64\Lib\site-packages\django\core\management\__init__.py", line 436, in execute
    self.fetch_command(subcommand).run_from_argv(self.argv)
    ~~~~~~~~~~~~~~~~~~~~~~~~~~~~~~~~~~~~~~~~~~~~^^^^^^^^^^^
  File "C:\Users\yassi\AppData\Local\Python\pythoncore-3.14-64\Lib\site-packages\django\core\management\base.py", line 413, in run_from_argv
    self.execute(*args, **cmd_options)
    ~~~~~~~~~~~~^^^^^^^^^^^^^^^^^^^^^^
  File "C:\Users\yassi\AppData\Local\Python\pythoncore-3.14-64\Lib\site-packages\django\core\management\commands\runserver.py", line 74, in execute
    super().execute(*args, **options)
    ~~~~~~~~~~~~~~~^^^^^^^^^^^^^^^^^^
  File "C:\Users\yassi\AppData\Local\Python\pythoncore-3.14-64\Lib\site-packages\django\core\management\base.py", line 459, in execute
    output = self.handle(*args, **options)
  File "C:\Users\yassi\AppData\Local\Python\pythoncore-3.14-64\Lib\site-packages\django\core\management\commands\runserver.py", line 111, in handle
    self.run(**options)
    ~~~~~~~~^^^^^^^^^^^
  File "C:\Users\yassi\AppData\Local\Python\pythoncore-3.14-64\Lib\site-packages\django\core\management\commands\runserver.py", line 120, in run
    self.inner_run(None, **options)
    ~~~~~~~~~~~~~~^^^^^^^^^^^^^^^^^
  File "C:\Users\yassi\AppData\Local\Python\pythoncore-3.14-64\Lib\site-packages\django\core\management\commands\runserver.py", line 136, in inner_run
    self.check_migrations()
    ~~~~~~~~~~~~~~~~~~~~~^^
  File "C:\Users\yassi\AppData\Local\Python\pythoncore-3.14-64\Lib\site-packages\django\core\management\base.py", line 581, in check_migrations
    executor = MigrationExecutor(connections[DEFAULT_DB_ALIAS])
  File "C:\Users\yassi\AppData\Local\Python\pythoncore-3.14-64\Lib\site-packages\django\db\migrations\executor.py", line 18, in __init__
    self.loader = MigrationLoader(self.connection)
                  ~~~~~~~~~~~~~~~^^^^^^^^^^^^^^^^^
  File "C:\Users\yassi\AppData\Local\Python\pythoncore-3.14-64\Lib\site-packages\django\db\migrations\loader.py", line 58, in __init__
    self.build_graph()
    ~~~~~~~~~~~~~~~~^^
  File "C:\Users\yassi\AppData\Local\Python\pythoncore-3.14-64\Lib\site-packages\django\db\migrations\loader.py", line 235, in build_graph
    self.applied_migrations = recorder.applied_migrations()
                              ~~~~~~~~~~~~~~~~~~~~~~~~~~~^^
  File "C:\Users\yassi\AppData\Local\Python\pythoncore-3.14-64\Lib\site-packages\django\db\migrations\recorder.py", line 89, in applied_migrations
    if self.has_table():
       ~~~~~~~~~~~~~~^^
  File "C:\Users\yassi\AppData\Local\Python\pythoncore-3.14-64\Lib\site-packages\django\db\migrations\recorder.py", line 63, in has_table
    with self.connection.cursor() as cursor:
         ~~~~~~~~~~~~~~~~~~~~~~^^
  File "C:\Users\yassi\AppData\Local\Python\pythoncore-3.14-64\Lib\site-packages\django\utils\asyncio.py", line 26, in inner
    return func(*args, **kwargs)
  File "C:\Users\yassi\AppData\Local\Python\pythoncore-3.14-64\Lib\site-packages\django\db\backends\base\base.py", line 316, in cursor
    return self._cursor()
           ~~~~~~~~~~~~^^
  File "C:\Users\yassi\AppData\Local\Python\pythoncore-3.14-64\Lib\site-packages\django\db\backends\base\base.py", line 292, in _cursor
    self.ensure_connection()
    ~~~~~~~~~~~~~~~~~~~~~~^^
  File "C:\Users\yassi\AppData\Local\Python\pythoncore-3.14-64\Lib\site-packages\django\utils\asyncio.py", line 26, in inner
    return func(*args, **kwargs)
  File "C:\Users\yassi\AppData\Local\Python\pythoncore-3.14-64\Lib\site-packages\django\db\backends\base\base.py", line 274, in ensure_connection
    with self.wrap_database_errors:
         ^^^^^^^^^^^^^^^^^^^^^^^^^
  File "C:\Users\yassi\AppData\Local\Python\pythoncore-3.14-64\Lib\site-packages\django\db\utils.py", line 91, in __exit__
    raise dj_exc_value.with_traceback(traceback) from exc_value
  File "C:\Users\yassi\AppData\Local\Python\pythoncore-3.14-64\Lib\site-packages\django\db\backends\base\base.py", line 275, in ensure_connection
    self.connect()
    ~~~~~~~~~~~~^^
  File "C:\Users\yassi\AppData\Local\Python\pythoncore-3.14-64\Lib\site-packages\django\utils\asyncio.py", line 26, in inner
    return func(*args, **kwargs)
  File "C:\Users\yassi\AppData\Local\Python\pythoncore-3.14-64\Lib\site-packages\django\db\backends\base\base.py", line 256, in connect
    self.connection = self.get_new_connection(conn_params)
                      ~~~~~~~~~~~~~~~~~~~~~~~^^^^^^^^^^^^^
  File "C:\Users\yassi\AppData\Local\Python\pythoncore-3.14-64\Lib\site-packages\django\utils\asyncio.py", line 26, in inner
    return func(*args, **kwargs)
  File "C:\Users\yassi\AppData\Local\Python\pythoncore-3.14-64\Lib\site-packages\django\db\backends\postgresql\base.py", line 277, in get_new_connection
    connection = self.Database.connect(**conn_params)
  File "C:\Users\yassi\AppData\Local\Python\pythoncore-3.14-64\Lib\site-packages\psycopg2\__init__.py", line 135, in connect
    conn = _connect(dsn, connection_factory=connection_factory, **kwasync)
django.db.utils.OperationalError: connection to server at "autorack.proxy.rlwy.net" (66.33.22.239), port 43380 failed: Connection timed out (0x0000274C/10060)
	Is the server running on that host and accepting TCP/IP connections?

